[2026-08-25 14:23:57] 🚀 Starting Autonomous Twice-Daily Blog Publishing Routine...
[2026-08-25 14:23:57] 📌 Selected Trending Topic: SAP S/4HANA 2026 Embedded EWM vs Decentral EWM: Complete Decision Matrix
[2026-08-25 14:23:57] 📌 Primary SEO Keyword : embedded ewm vs decentral ewm s4hana 2026
[2026-08-25 14:23:57] 📌 Target Article Slug  : s4hana-2026-embedded-ewm-vs-decentral-ewm-matrix
[2026-08-25 14:23:57] ✅ Generated Article Page: /Users/anshumanbehuria/Desktop/sap-mm-ewm-courses/blog/s4hana-2026-embedded-ewm-vs-decentral-ewm-matrix.html
[2026-08-25 14:23:57] 🎉 Successfully published article 'SAP S/4HANA 2026 Embedded EWM vs Decentral EWM: Complete Decision Matrix'!
[2026-08-25 14:26:11] 🚀 Starting Autonomous Twice-Daily Blog Publishing Routine...
[2026-08-25 14:26:11] 📌 Selected Trending Topic: SAP MM OBYC Account Determination: S/4HANA Automatic Posting Masterclass
[2026-08-25 14:26:11] 📌 Primary SEO Keyword : sap mm obyc account determination s4hana
[2026-08-25 14:26:11] 📌 Target Article Slug  : sap-mm-obyc-account-determination-s4hana-masterclass
[2026-08-25 14:26:11] ✅ Generated Article Page: /Users/anshumanbehuria/Desktop/sap-mm-ewm-courses/blog/sap-mm-obyc-account-determination-s4hana-masterclass.html
[2026-08-25 14:26:11] ✅ Updated blog/custom-blogs.js repository file
[2026-08-25 14:26:11] ✅ Updated homepage index.html with new blog card
[2026-08-25 14:26:11] ✅ Updated blog/index.html hub with new blog card
[2026-08-25 14:26:11] 🎉 Successfully published article 'SAP MM OBYC Account Determination: S/4HANA Automatic Posting Masterclass'!
[2026-08-28 10:20:56] 🚀 Starting Autonomous Twice-Daily Blog Publishing Routine...
[2026-08-28 10:20:56] 📌 Selected Trending Topic: Top 25 SAP EWM Interview Questions & Answers for 2026
[2026-08-28 10:20:56] 📌 Primary SEO Keyword : top sap ewm interview questions 2026
[2026-08-28 10:20:56] 📌 Target Article Slug  : top-25-sap-ewm-interview-questions-2026
[2026-08-28 10:20:56] ✅ Generated Article Page: /Users/anshumanbehuria/Desktop/sap-mm-ewm-courses/blog/top-25-sap-ewm-interview-questions-2026.html
[2026-08-28 10:20:56] ✅ Updated blog/custom-blogs.js repository file
[2026-08-28 10:20:56] ✅ Updated homepage index.html with new blog card
[2026-08-28 10:20:56] ✅ Updated blog/index.html hub with new blog card
[2026-08-28 10:20:56] 🎉 Successfully published article 'Top 25 SAP EWM Interview Questions & Answers for 2026'!
[2026-08-28 10:21:19] 🚀 Starting Autonomous Twice-Daily Blog Publishing Routine...
[2026-08-28 10:21:19] 📌 Selected Trending Topic: SAP S/4HANA MRP Live vs Classic MRP: Performance & Functional Matrix
[2026-08-28 10:21:19] 📌 Primary SEO Keyword : sap s4hana mrp live vs classic mrp md01n
[2026-08-28 10:21:19] 📌 Target Article Slug  : sap-s4hana-mrp-live-classic-mrp-comparison
[2026-08-28 10:21:19] ✅ Generated Article Page: /Users/anshumanbehuria/Desktop/sap-mm-ewm-courses/blog/sap-s4hana-mrp-live-classic-mrp-comparison.html
[2026-08-28 10:21:19] ✅ Updated blog/custom-blogs.js repository file
[2026-08-28 10:21:19] ✅ Updated homepage index.html with new blog card
[2026-08-28 10:21:19] ✅ Updated blog/index.html hub with new blog card
[2026-08-28 10:21:19] 🎉 Successfully published article 'SAP S/4HANA MRP Live vs Classic MRP: Performance & Functional Matrix'!
